Archive member included to satisfy reference by file (symbol)

c:/program files (x86)/gnu tools arm embedded/5.4 2016q2/bin/../lib/gcc/arm-none-eabi/5.4.1/armv6-m\libgcc.a(_udivsi3.o)
                              ..\obj\main.o (__aeabi_uidiv)
c:/program files (x86)/gnu tools arm embedded/5.4 2016q2/bin/../lib/gcc/arm-none-eabi/5.4.1/armv6-m\libgcc.a(_divsi3.o)
                              ..\obj\main.o (__aeabi_idiv)
c:/program files (x86)/gnu tools arm embedded/5.4 2016q2/bin/../lib/gcc/arm-none-eabi/5.4.1/armv6-m\libgcc.a(_dvmd_tls.o)
                              c:/program files (x86)/gnu tools arm embedded/5.4 2016q2/bin/../lib/gcc/arm-none-eabi/5.4.1/armv6-m\libgcc.a(_udivsi3.o) (__aeabi_idiv0)

Allocating common symbols
Common symbol       size              file

prescaler_ms        0x4               ..\obj\main.o

Discarded input sections

 .text          0x00000000        0x0 ..\obj\main.o
 .data          0x00000000        0x0 ..\obj\main.o
 .bss           0x00000000        0x0 ..\obj\main.o
 .text          0x00000000       0x14 ..\obj\startup_stm32f0xx.o
 .data          0x00000000        0x0 ..\obj\startup_stm32f0xx.o
 .bss           0x00000000        0x0 ..\obj\startup_stm32f0xx.o
 .text          0x00000000        0x0 ..\obj\syscalls.o
 .data          0x00000000        0x0 ..\obj\syscalls.o
 .bss           0x00000000        0x4 ..\obj\syscalls.o
 .text._sbrk    0x00000000       0x3c ..\obj\syscalls.o
 .text.link     0x00000000       0x18 ..\obj\syscalls.o
 .text._close   0x00000000       0x14 ..\obj\syscalls.o
 .text._fstat   0x00000000       0x1c ..\obj\syscalls.o
 .text._isatty  0x00000000       0x14 ..\obj\syscalls.o
 .text._lseek   0x00000000       0x18 ..\obj\syscalls.o
 .text._read    0x00000000       0x18 ..\obj\syscalls.o
 .text._write   0x00000000       0x18 ..\obj\syscalls.o
 .text.abort    0x00000000        0x8 ..\obj\syscalls.o
 .debug_info    0x00000000      0x458 ..\obj\syscalls.o
 .debug_abbrev  0x00000000       0xe5 ..\obj\syscalls.o
 .debug_aranges
                0x00000000       0x60 ..\obj\syscalls.o
 .debug_ranges  0x00000000       0x50 ..\obj\syscalls.o
 .debug_line    0x00000000      0x1f3 ..\obj\syscalls.o
 .debug_str     0x00000000      0x342 ..\obj\syscalls.o
 .comment       0x00000000       0x6f ..\obj\syscalls.o
 .debug_frame   0x00000000      0x12c ..\obj\syscalls.o
 .ARM.attributes
                0x00000000       0x31 ..\obj\syscalls.o
 .text          0x00000000        0x0 ..\obj\system_stm32f0xx.o
 .bss           0x00000000        0x0 ..\obj\system_stm32f0xx.o
 .data          0x00000000        0x0 c:/program files (x86)/gnu tools arm embedded/5.4 2016q2/bin/../lib/gcc/arm-none-eabi/5.4.1/armv6-m\libgcc.a(_udivsi3.o)
 .bss           0x00000000        0x0 c:/program files (x86)/gnu tools arm embedded/5.4 2016q2/bin/../lib/gcc/arm-none-eabi/5.4.1/armv6-m\libgcc.a(_udivsi3.o)
 .data          0x00000000        0x0 c:/program files (x86)/gnu tools arm embedded/5.4 2016q2/bin/../lib/gcc/arm-none-eabi/5.4.1/armv6-m\libgcc.a(_divsi3.o)
 .bss           0x00000000        0x0 c:/program files (x86)/gnu tools arm embedded/5.4 2016q2/bin/../lib/gcc/arm-none-eabi/5.4.1/armv6-m\libgcc.a(_divsi3.o)
 .data          0x00000000        0x0 c:/program files (x86)/gnu tools arm embedded/5.4 2016q2/bin/../lib/gcc/arm-none-eabi/5.4.1/armv6-m\libgcc.a(_dvmd_tls.o)
 .bss           0x00000000        0x0 c:/program files (x86)/gnu tools arm embedded/5.4 2016q2/bin/../lib/gcc/arm-none-eabi/5.4.1/armv6-m\libgcc.a(_dvmd_tls.o)

Memory Configuration

Name             Origin             Length             Attributes
rom              0x08000000         0x00020000         xr
ram              0x20000000         0x00004000         xrw
*default*        0x00000000         0xffffffff

Linker script and memory map

                0x20004000                _eram = 0x20004000

.text           0x08000000      0xe34
 *(.isr_vector)
 .isr_vector    0x08000000       0xc4 ..\obj\startup_stm32f0xx.o
                0x08000000                g_pfnVectors
 *(.text*)
 .text.NVIC_EnableIRQ
                0x080000c4       0x2c ..\obj\main.o
 .text.NVIC_DisableIRQ
                0x080000f0       0x30 ..\obj\main.o
 .text.NVIC_SetPriority
                0x08000120       0xdc ..\obj\main.o
 .text.first_motor
                0x080001fc       0x44 ..\obj\main.o
                0x080001fc                first_motor
 .text.second_motor
                0x08000240       0x44 ..\obj\main.o
                0x08000240                second_motor
 .text.third_motor
                0x08000284       0x44 ..\obj\main.o
                0x08000284                third_motor
 .text.fourth_motor
                0x080002c8       0x44 ..\obj\main.o
                0x080002c8                fourth_motor
 .text.coctail_gilbert
                0x0800030c       0x1c ..\obj\main.o
                0x0800030c                coctail_gilbert
 .text.coctail_maple_nut_shot
                0x08000328       0x10 ..\obj\main.o
                0x08000328                coctail_maple_nut_shot
 .text.coctail_screw_driver
                0x08000338       0x18 ..\obj\main.o
                0x08000338                coctail_screw_driver
 .text.coctail_vodka_tonic
                0x08000350       0x18 ..\obj\main.o
                0x08000350                coctail_vodka_tonic
 .text.coctail_rum_rickie
                0x08000368       0x18 ..\obj\main.o
                0x08000368                coctail_rum_rickie
 .text.coctail_snake_bite
                0x08000380       0x18 ..\obj\main.o
                0x08000380                coctail_snake_bite
 .text.coctail_water
                0x08000398       0x10 ..\obj\main.o
                0x08000398                coctail_water
 .text.coctail_juice
                0x080003a8       0x10 ..\obj\main.o
                0x080003a8                coctail_juice
 .text.clean    0x080003b8       0x24 ..\obj\main.o
                0x080003b8                clean
 .text.InitDelayTIM6
                0x080003dc       0x48 ..\obj\main.o
                0x080003dc                InitDelayTIM6
 .text.TIM6delay_ms
                0x08000424       0x84 ..\obj\main.o
                0x08000424                TIM6delay_ms
 .text.USART1_IRQHandler
                0x080004a8       0x84 ..\obj\main.o
                0x080004a8                USART1_IRQHandler
 .text.USART2_IRQHandler
                0x0800052c       0x70 ..\obj\main.o
                0x0800052c                USART2_IRQHandler
 .text.init_USART_1
                0x0800059c       0x7c ..\obj\main.o
                0x0800059c                init_USART_1
 .text.init_USART_2
                0x08000618       0x64 ..\obj\main.o
                0x08000618                init_USART_2
 .text.main     0x0800067c      0x244 ..\obj\main.o
                0x0800067c                main
 .text.Reset_Handler
                0x080008c0       0x44 ..\obj\startup_stm32f0xx.o
                0x080008c0                Reset_Handler
 .text.Default_Handler
                0x08000904        0x2 ..\obj\startup_stm32f0xx.o
                0x08000904                PVD_VDDUSB_LP_IRQHandler
                0x08000904                TIM1_CC_IRQHandler
                0x08000904                HardFault_Handler
                0x08000904                ADC1_COMP_IRQHandler
                0x08000904                SysTick_Handler
                0x08000904                PendSV_Handler
                0x08000904                NMI_Handler
                0x08000904                I2C1_IRQHandler
                0x08000904                RCC_CRS_IRQHandler
                0x08000904                SPI1_IRQHandler
                0x08000904                TIM6_DAC_IRQHandler
                0x08000904                USART3_4_IRQHandler
                0x08000904                EXTI2_3_IRQHandler
                0x08000904                I2C2_IRQHandler
                0x08000904                TIM17_IRQHandler
                0x08000904                CEC_CAN_IRQHandler
                0x08000904                RTC_IRQHandler
                0x08000904                DMA1_Channel4_5_6_7_IRQHandler
                0x08000904                TIM16_IRQHandler
                0x08000904                TIM3_IRQHandler
                0x08000904                EXTI4_15_IRQHandler
                0x08000904                DMA1_Channel1_IRQHandler
                0x08000904                Default_Handler
                0x08000904                TIM14_IRQHandler
                0x08000904                TIM7_IRQHandler
                0x08000904                TIM15_IRQHandler
                0x08000904                EXTI0_1_IRQHandler
                0x08000904                SPI2_IRQHandler
                0x08000904                SVC_Handler
                0x08000904                USB_LP_IRQHandler
                0x08000904                TS_IRQHandler
                0x08000904                WWDG_IRQHandler
                0x08000904                TIM2_IRQHandler
                0x08000904                DMA1_Channel2_3_IRQHandler
                0x08000904                FLASH_IRQHandler
                0x08000904                TIM1_BRK_UP_TRG_COM_IRQHandler
 *fill*         0x08000906        0x2 
 .text.SystemInit
                0x08000908       0x8c ..\obj\system_stm32f0xx.o
                0x08000908                SystemInit
 .text.SystemCoreClockUpdate
                0x08000994       0xd4 ..\obj\system_stm32f0xx.o
                0x08000994                SystemCoreClockUpdate
 .text.SetSysClock
                0x08000a68       0x88 ..\obj\system_stm32f0xx.o
 .text          0x08000af0      0x114 c:/program files (x86)/gnu tools arm embedded/5.4 2016q2/bin/../lib/gcc/arm-none-eabi/5.4.1/armv6-m\libgcc.a(_udivsi3.o)
                0x08000af0                __aeabi_uidiv
                0x08000af0                __udivsi3
                0x08000bfc                __aeabi_uidivmod
 .text          0x08000c04      0x1d4 c:/program files (x86)/gnu tools arm embedded/5.4 2016q2/bin/../lib/gcc/arm-none-eabi/5.4.1/armv6-m\libgcc.a(_divsi3.o)
                0x08000c04                __divsi3
                0x08000c04                __aeabi_idiv
                0x08000dd0                __aeabi_idivmod
 .text          0x08000dd8        0x4 c:/program files (x86)/gnu tools arm embedded/5.4 2016q2/bin/../lib/gcc/arm-none-eabi/5.4.1/armv6-m\libgcc.a(_dvmd_tls.o)
                0x08000dd8                __aeabi_idiv0
                0x08000dd8                __aeabi_ldiv0
 *(.init)
 *(.fini)
 *crtbegin.o(.ctors)
 *crtbegin?.o(.ctors)
 *(EXCLUDE_FILE(*crtend.o *crtend?.o) .ctors)
 *(SORT(.ctors.*))
 *(.ctors)
 *crtbegin.o(.dtors)
 *crtbegin?.o(.dtors)
 *(EXCLUDE_FILE(*crtend.o *crtend?.o) .dtors)
 *(SORT(.dtors.*))
 *(.dtors)
 *(.rodata*)
 .rodata        0x08000ddc       0x58 ..\obj\main.o
 *(.eh_fram e*)

.glue_7         0x08000e34        0x0
 .glue_7        0x08000e34        0x0 linker stubs

.glue_7t        0x08000e34        0x0
 .glue_7t       0x08000e34        0x0 linker stubs

.vfp11_veneer   0x08000e34        0x0
 .vfp11_veneer  0x08000e34        0x0 linker stubs

.v4_bx          0x08000e34        0x0
 .v4_bx         0x08000e34        0x0 linker stubs

.iplt           0x08000e34        0x0
 .iplt          0x08000e34        0x0 ..\obj\main.o

.rel.dyn        0x08000e34        0x0
 .rel.iplt      0x08000e34        0x0 ..\obj\main.o

.ARM.extab
 *(.ARM.extab* .gnu.linkonce.armextab.*)
                0x08000e34                __exidx_start = .

.ARM.exidx
 *(.ARM.exidx* .gnu.linkonce.armexidx.*)
                0x08000e34                __exidx_end = .
                0x08000e34                __etext = .
                0x08000e34                _sidata = __etext

.data           0x20000000       0x14 load address 0x08000e34
                0x20000000                __data_start__ = .
                0x20000000                _sdata = __data_start__
 *(vtable)
 *(.data*)
 .data          0x20000000       0x14 ..\obj\system_stm32f0xx.o
                0x20000000                SystemCoreClock
                0x20000004                AHBPrescTable
                0x20000014                . = ALIGN (0x4)
                [!provide]                PROVIDE (__preinit_array_start, .)
 *(.preinit_array)
                [!provide]                PROVIDE (__preinit_array_end, .)
                0x20000014                . = ALIGN (0x4)
                [!provide]                PROVIDE (__init_array_start, .)
 *(SORT(.init_array.*))
 *(.init_array)
                [!provide]                PROVIDE (__init_array_end, .)
                0x20000014                . = ALIGN (0x4)
                [!provide]                PROVIDE (__fini_array_start, .)
 *(SORT(.fini_array.*))
 *(.fini_array)
                [!provide]                PROVIDE (__fini_array_end, .)
 *(.jcr*)
                0x20000014                . = ALIGN (0x4)
                0x20000014                __data_end__ = .
                0x20000014                _edata = __data_end__

.igot.plt       0x20000014        0x0 load address 0x08000e48
 .igot.plt      0x20000014        0x0 ..\obj\main.o

.bss            0x20000014        0x4 load address 0x08000e48
                0x20000014                . = ALIGN (0x4)
                0x20000014                __bss_start__ = .
                0x20000014                _sbss = __bss_start__
 *(.bss*)
 *(COMMON)
 COMMON         0x20000014        0x4 ..\obj\main.o
                0x20000014                prescaler_ms
                0x20000018                . = ALIGN (0x4)
                0x20000018                __bss_end__ = .
                0x20000018                _ebss = __bss_end__

.heap           0x20000018        0x0
                0x20000018                __end__ = .
                0x20000018                _end = __end__
                0x20000018                end = __end__
 *(.heap*)
                0x20000018                __HeapLimit = .

.co_stack       0x20000018        0x0
                0x20000018                . = ALIGN (0x8)
 *(.co_stack .co_stack.*)
                0x20004000                __StackTop = (ORIGIN (ram) + LENGTH (ram))
                0x20004000                __StackLimit = (__StackTop - SIZEOF (.co_stack))
                [!provide]                PROVIDE (__stack, __StackTop)
                0x00000001                ASSERT ((__StackLimit >= __HeapLimit), region ram  overflowed with stack)
LOAD ..\obj\main.o
LOAD ..\obj\startup_stm32f0xx.o
LOAD ..\obj\syscalls.o
LOAD ..\obj\system_stm32f0xx.o
START GROUP
LOAD c:/program files (x86)/gnu tools arm embedded/5.4 2016q2/bin/../lib/gcc/arm-none-eabi/5.4.1/armv6-m\libgcc.a
LOAD c:/program files (x86)/gnu tools arm embedded/5.4 2016q2/bin/../lib/gcc/arm-none-eabi/5.4.1/../../../../arm-none-eabi/lib/armv6-m\libg.a
LOAD c:/program files (x86)/gnu tools arm embedded/5.4 2016q2/bin/../lib/gcc/arm-none-eabi/5.4.1/../../../../arm-none-eabi/lib/armv6-m\libc.a
END GROUP
OUTPUT(final_bartender.elf elf32-littlearm)

.debug_info     0x00000000      0xdfe
 .debug_info    0x00000000      0xa9b ..\obj\main.o
 .debug_info    0x00000a9b       0xb9 ..\obj\startup_stm32f0xx.o
 .debug_info    0x00000b54      0x2aa ..\obj\system_stm32f0xx.o

.debug_abbrev   0x00000000      0x320
 .debug_abbrev  0x00000000      0x20a ..\obj\main.o
 .debug_abbrev  0x0000020a       0x12 ..\obj\startup_stm32f0xx.o
 .debug_abbrev  0x0000021c      0x104 ..\obj\system_stm32f0xx.o

.debug_aranges  0x00000000      0x128
 .debug_aranges
                0x00000000       0xd0 ..\obj\main.o
 .debug_aranges
                0x000000d0       0x28 ..\obj\startup_stm32f0xx.o
 .debug_aranges
                0x000000f8       0x30 ..\obj\system_stm32f0xx.o

.debug_ranges   0x00000000      0x100
 .debug_ranges  0x00000000       0xc0 ..\obj\main.o
 .debug_ranges  0x000000c0       0x20 ..\obj\startup_stm32f0xx.o
 .debug_ranges  0x000000e0       0x20 ..\obj\system_stm32f0xx.o

.debug_line     0x00000000      0x679
 .debug_line    0x00000000      0x41d ..\obj\main.o
 .debug_line    0x0000041d       0xaf ..\obj\startup_stm32f0xx.o
 .debug_line    0x000004cc      0x1ad ..\obj\system_stm32f0xx.o

.debug_str      0x00000000      0x733
 .debug_str     0x00000000      0x66c ..\obj\main.o
                                0x6c4 (size before relaxing)
 .debug_str     0x0000066c       0xc7 ..\obj\system_stm32f0xx.o
                                0x25e (size before relaxing)

.comment        0x00000000       0x6e
 .comment       0x00000000       0x6e ..\obj\main.o
                                 0x6f (size before relaxing)
 .comment       0x0000006e       0x6f ..\obj\system_stm32f0xx.o

.ARM.attributes
                0x00000000       0x2f
 .ARM.attributes
                0x00000000       0x31 ..\obj\main.o
 .ARM.attributes
                0x00000031       0x21 ..\obj\startup_stm32f0xx.o
 .ARM.attributes
                0x00000052       0x31 ..\obj\system_stm32f0xx.o
 .ARM.attributes
                0x00000083       0x1e c:/program files (x86)/gnu tools arm embedded/5.4 2016q2/bin/../lib/gcc/arm-none-eabi/5.4.1/armv6-m\libgcc.a(_udivsi3.o)
 .ARM.attributes
                0x000000a1       0x1e c:/program files (x86)/gnu tools arm embedded/5.4 2016q2/bin/../lib/gcc/arm-none-eabi/5.4.1/armv6-m\libgcc.a(_divsi3.o)
 .ARM.attributes
                0x000000bf       0x1e c:/program files (x86)/gnu tools arm embedded/5.4 2016q2/bin/../lib/gcc/arm-none-eabi/5.4.1/armv6-m\libgcc.a(_dvmd_tls.o)

.debug_frame    0x00000000      0x36c
 .debug_frame   0x00000000      0x2c4 ..\obj\main.o
 .debug_frame   0x000002c4       0x68 ..\obj\system_stm32f0xx.o
 .debug_frame   0x0000032c       0x20 c:/program files (x86)/gnu tools arm embedded/5.4 2016q2/bin/../lib/gcc/arm-none-eabi/5.4.1/armv6-m\libgcc.a(_udivsi3.o)
 .debug_frame   0x0000034c       0x20 c:/program files (x86)/gnu tools arm embedded/5.4 2016q2/bin/../lib/gcc/arm-none-eabi/5.4.1/armv6-m\libgcc.a(_divsi3.o)
